Archive member included to satisfy reference by file (symbol)

C:/ST/STM32CubeIDE_1.17.0/STM32CubeIDE/plugins/com.st.stm32cube.ide.mcu.externaltools.gnu-tools-for-stm32.12.3.rel1.win32_1.1.0.202410251130/tools/bin/../lib/gcc/arm-none-eabi/12.3.1/../../../../arm-none-eabi/lib/thumb/v7-m/nofp\libc_nano.a(libc_a-exit.o)
                              C:/ST/STM32CubeIDE_1.17.0/STM32CubeIDE/plugins/com.st.stm32cube.ide.mcu.externaltools.gnu-tools-for-stm32.12.3.rel1.win32_1.1.0.202410251130/tools/bin/../lib/gcc/arm-none-eabi/12.3.1/../../../../arm-none-eabi/lib/thumb/v7-m/nofp/crt0.o (exit)
C:/ST/STM32CubeIDE_1.17.0/STM32CubeIDE/plugins/com.st.stm32cube.ide.mcu.externaltools.gnu-tools-for-stm32.12.3.rel1.win32_1.1.0.202410251130/tools/bin/../lib/gcc/arm-none-eabi/12.3.1/../../../../arm-none-eabi/lib/thumb/v7-m/nofp\libc_nano.a(libc_a-findfp.o)
                              C:/ST/STM32CubeIDE_1.17.0/STM32CubeIDE/plugins/com.st.stm32cube.ide.mcu.externaltools.gnu-tools-for-stm32.12.3.rel1.win32_1.1.0.202410251130/tools/bin/../lib/gcc/arm-none-eabi/12.3.1/../../../../arm-none-eabi/lib/thumb/v7-m/nofp\libc_nano.a(libc_a-exit.o) (__stdio_exit_handler)
C:/ST/STM32CubeIDE_1.17.0/STM32CubeIDE/plugins/com.st.stm32cube.ide.mcu.externaltools.gnu-tools-for-stm32.12.3.rel1.win32_1.1.0.202410251130/tools/bin/../lib/gcc/arm-none-eabi/12.3.1/../../../../arm-none-eabi/lib/thumb/v7-m/nofp\libc_nano.a(libc_a-fwalk.o)
                              C:/ST/STM32CubeIDE_1.17.0/STM32CubeIDE/plugins/com.st.stm32cube.ide.mcu.externaltools.gnu-tools-for-stm32.12.3.rel1.win32_1.1.0.202410251130/tools/bin/../lib/gcc/arm-none-eabi/12.3.1/../../../../arm-none-eabi/lib/thumb/v7-m/nofp\libc_nano.a(libc_a-findfp.o) (_fwalk_sglue)
C:/ST/STM32CubeIDE_1.17.0/STM32CubeIDE/plugins/com.st.stm32cube.ide.mcu.externaltools.gnu-tools-for-stm32.12.3.rel1.win32_1.1.0.202410251130/tools/bin/../lib/gcc/arm-none-eabi/12.3.1/../../../../arm-none-eabi/lib/thumb/v7-m/nofp\libc_nano.a(libc_a-stdio.o)
                              C:/ST/STM32CubeIDE_1.17.0/STM32CubeIDE/plugins/com.st.stm32cube.ide.mcu.externaltools.gnu-tools-for-stm32.12.3.rel1.win32_1.1.0.202410251130/tools/bin/../lib/gcc/arm-none-eabi/12.3.1/../../../../arm-none-eabi/lib/thumb/v7-m/nofp\libc_nano.a(libc_a-findfp.o) (__sread)
C:/ST/STM32CubeIDE_1.17.0/STM32CubeIDE/plugins/com.st.stm32cube.ide.mcu.externaltools.gnu-tools-for-stm32.12.3.rel1.win32_1.1.0.202410251130/tools/bin/../lib/gcc/arm-none-eabi/12.3.1/../../../../arm-none-eabi/lib/thumb/v7-m/nofp\libc_nano.a(libc_a-memset.o)
                              C:/ST/STM32CubeIDE_1.17.0/STM32CubeIDE/plugins/com.st.stm32cube.ide.mcu.externaltools.gnu-tools-for-stm32.12.3.rel1.win32_1.1.0.202410251130/tools/bin/../lib/gcc/arm-none-eabi/12.3.1/../../../../arm-none-eabi/lib/thumb/v7-m/nofp/crt0.o (memset)
C:/ST/STM32CubeIDE_1.17.0/STM32CubeIDE/plugins/com.st.stm32cube.ide.mcu.externaltools.gnu-tools-for-stm32.12.3.rel1.win32_1.1.0.202410251130/tools/bin/../lib/gcc/arm-none-eabi/12.3.1/../../../../arm-none-eabi/lib/thumb/v7-m/nofp\libc_nano.a(libc_a-closer.o)
                              C:/ST/STM32CubeIDE_1.17.0/STM32CubeIDE/plugins/com.st.stm32cube.ide.mcu.externaltools.gnu-tools-for-stm32.12.3.rel1.win32_1.1.0.202410251130/tools/bin/../lib/gcc/arm-none-eabi/12.3.1/../../../../arm-none-eabi/lib/thumb/v7-m/nofp\libc_nano.a(libc_a-stdio.o) (_close_r)
C:/ST/STM32CubeIDE_1.17.0/STM32CubeIDE/plugins/com.st.stm32cube.ide.mcu.externaltools.gnu-tools-for-stm32.12.3.rel1.win32_1.1.0.202410251130/tools/bin/../lib/gcc/arm-none-eabi/12.3.1/../../../../arm-none-eabi/lib/thumb/v7-m/nofp\libc_nano.a(libc_a-reent.o)
                              C:/ST/STM32CubeIDE_1.17.0/STM32CubeIDE/plugins/com.st.stm32cube.ide.mcu.externaltools.gnu-tools-for-stm32.12.3.rel1.win32_1.1.0.202410251130/tools/bin/../lib/gcc/arm-none-eabi/12.3.1/../../../../arm-none-eabi/lib/thumb/v7-m/nofp\libc_nano.a(libc_a-closer.o) (errno)
C:/ST/STM32CubeIDE_1.17.0/STM32CubeIDE/plugins/com.st.stm32cube.ide.mcu.externaltools.gnu-tools-for-stm32.12.3.rel1.win32_1.1.0.202410251130/tools/bin/../lib/gcc/arm-none-eabi/12.3.1/../../../../arm-none-eabi/lib/thumb/v7-m/nofp\libc_nano.a(libc_a-impure.o)
                              C:/ST/STM32CubeIDE_1.17.0/STM32CubeIDE/plugins/com.st.stm32cube.ide.mcu.externaltools.gnu-tools-for-stm32.12.3.rel1.win32_1.1.0.202410251130/tools/bin/../lib/gcc/arm-none-eabi/12.3.1/../../../../arm-none-eabi/lib/thumb/v7-m/nofp\libc_nano.a(libc_a-reent.o) (_impure_ptr)
C:/ST/STM32CubeIDE_1.17.0/STM32CubeIDE/plugins/com.st.stm32cube.ide.mcu.externaltools.gnu-tools-for-stm32.12.3.rel1.win32_1.1.0.202410251130/tools/bin/../lib/gcc/arm-none-eabi/12.3.1/../../../../arm-none-eabi/lib/thumb/v7-m/nofp\libc_nano.a(libc_a-lseekr.o)
[...]
Memory Configuration

Name             Origin             Length             Attributes
RAM              0x20000000         0x00005000         xrw
FLASH            0x08000000         0x00010000         xr
*default*        0x00000000         0xffffffff

Linker script and memory map

LOAD C:/ST/STM32CubeIDE_1.17.0/STM32CubeIDE/plugins/com.st.stm32cube.ide.mcu.externaltools.gnu-tools-for-stm32.12.3.rel1.win32_1.1.0.202410251130/tools/bin/../lib/gcc/arm-none-eabi/12.3.1/thumb/v7-m/nofp/crti.o
LOAD C:/ST/STM32CubeIDE_1.17.0/STM32CubeIDE/plugins/com.st.stm32cube.ide.mcu.externaltools.gnu-tools-for-stm32.12.3.rel1.win32_1.1.0.202410251130/tools/bin/../lib/gcc/arm-none-eabi/12.3.1/thumb/v7-m/nofp/crtbegin.o
LOAD C:/ST/STM32CubeIDE_1.17.0/STM32CubeIDE/plugins/com.st.stm32cube.ide.mcu.externaltools.gnu-tools-for-stm32.12.3.rel1.win32_1.1.0.202410251130/tools/bin/../lib/gcc/arm-none-eabi/12.3.1/../../../../arm-none-eabi/lib/thumb/v7-m/nofp/crt0.o
LOAD ./Core/Src/app_jump.o
LOAD ./Core/Src/crc_if.o
LOAD ./Core/Src/flash_if.o
LOAD ./Core/Src/fota_error_handler.o
LOAD ./Core/Src/gpio_if.o
LOAD ./Core/Src/main.o
LOAD ./Core/Src/stm32f1xx_hal_msp.o
LOAD ./Core/Src/stm32f1xx_it.o
LOAD ./Core/Src/syscalls.o
LOAD ./Core/Src/sysmem.o
LOAD ./Core/Src/system_stm32f1xx.o
LOAD ./Core/Src/uart_if.o
LOAD ./Core/Startup/startup_stm32f103c8tx.o
LOAD ./Drivers/STM32F1xx_HAL_Driver/Src/stm32f1xx_hal.o
LOAD ./Drivers/STM32F1xx_HAL_Driver/Src/stm32f1xx_hal_cortex.o
LOAD ./Drivers/STM32F1xx_HAL_Driver/Src/stm32f1xx_hal_crc.o
LOAD ./Drivers/STM32F1xx_HAL_Driver/Src/stm32f1xx_hal_dma.o
LOAD ./Drivers/STM32F1xx_HAL_Driver/Src/stm32f1xx_hal_exti.o
LOAD ./Drivers/STM32F1xx_HAL_Driver/Src/stm32f1xx_hal_flash.o
LOAD ./Drivers/STM32F1xx_HAL_Driver/Src/stm32f1xx_hal_flash_ex.o
LOAD ./Drivers/STM32F1xx_HAL_Driver/Src/stm32f1xx_hal_gpio.o
LOAD ./Drivers/STM32F1xx_HAL_Driver/Src/stm32f1xx_hal_gpio_ex.o
LOAD ./Drivers/STM32F1xx_HAL_Driver/Src/stm32f1xx_hal_pwr.o
LOAD ./Drivers/STM32F1xx_HAL_Driver/Src/stm32f1xx_hal_rcc.o
LOAD ./Drivers/STM32F1xx_HAL_Driver/Src/stm32f1xx_hal_rcc_ex.o
LOAD ./Drivers/STM32F1xx_HAL_Driver/Src/stm32f1xx_hal_uart.o
START GROUP
LOAD C:/ST/STM32CubeIDE_1.17.0/STM32CubeIDE/plugins/com.st.stm32cube.ide.mcu.externaltools.gnu-tools-for-stm32.12.3.rel1.win32_1.1.0.202410251130/tools/bin/../lib/gcc/arm-none-eabi/12.3.1/../../../../arm-none-eabi/lib/thumb/v7-m/nofp\libc_nano.a
LOAD C:/ST/STM32CubeIDE_1.17.0/STM32CubeIDE/plugins/com.st.stm32cube.ide.mcu.externaltools.gnu-tools-for-stm32.12.3.rel1.win32_1.1.0.202410251130/tools/bin/../lib/gcc/arm-none-eabi/12.3.1/../../../../arm-none-eabi/lib/thumb/v7-m/nofp\libm.a
END GROUP
START GROUP
LOAD C:/ST/STM32CubeIDE_1.17.0/STM32CubeIDE/plugins/com.st.stm32cube.ide.mcu.externaltools.gnu-tools-for-stm32.12.3.rel1.win32_1.1.0.202410251130/tools/bin/../lib/gcc/arm-none-eabi/12.3.1/thumb/v7-m/nofp\libgcc.a
LOAD C:/ST/STM32CubeIDE_1.17.0/STM32CubeIDE/plugins/com.st.stm32cube.ide.mcu.externaltools.gnu-tools-for-stm32.12.3.rel1.win32_1.1.0.202410251130/tools/bin/../lib/gcc/arm-none-eabi/12.3.1/../../../../arm-none-eabi/lib/thumb/v7-m/nofp\libc_nano.a
END GROUP
START GROUP
LOAD C:/ST/STM32CubeIDE_1.17.0/STM32CubeIDE/plugins/com.st.stm32cube.ide.mcu.externaltools.gnu-tools-for-stm32.12.3.rel1.win32_1.1.0.202410251130/tools/bin/../lib/gcc/arm-none-eabi/12.3.1/thumb/v7-m/nofp\libgcc.a
LOAD C:/ST/STM32CubeIDE_1.17.0/STM32CubeIDE/plugins/com.st.stm32cube.ide.mcu.externaltools.gnu-tools-for-stm32.12.3.rel1.win32_1.1.0.202410251130/tools/bin/../lib/gcc/arm-none-eabi/12.3.1/../../../../arm-none-eabi/lib/thumb/v7-m/nofp\libc_nano.a
LOAD C:/ST/STM32CubeIDE_1.17.0/STM32CubeIDE/plugins/com.st.stm32cube.ide.mcu.externaltools.gnu-tools-for-stm32.12.3.rel1.win32_1.1.0.202410251130/tools/bin/../lib/gcc/arm-none-eabi/12.3.1/../../../../arm-none-eabi/lib/thumb/v7-m/nofp\libnosys.a
END GROUP
START GROUP
LOAD C:/ST/STM32CubeIDE_1.17.0/STM32CubeIDE/plugins/com.st.stm32cube.ide.mcu.externaltools.gnu-tools-for-stm32.12.3.rel1.win32_1.1.0.202410251130/tools/bin/../lib/gcc/arm-none-eabi/12.3.1/thumb/v7-m/nofp\libgcc.a
LOAD C:/ST/STM32CubeIDE_1.17.0/STM32CubeIDE/plugins/com.st.stm32cube.ide.mcu.externaltools.gnu-tools-for-stm32.12.3.rel1.win32_1.1.0.202410251130/tools/bin/../lib/gcc/arm-none-eabi/12.3.1/../../../../arm-none-eabi/lib/thumb/v7-m/nofp\libc_nano.a
LOAD C:/ST/STM32CubeIDE_1.17.0/STM32CubeIDE/plugins/com.st.stm32cube.ide.mcu.externaltools.gnu-tools-for-stm32.12.3.rel1.win32_1.1.0.202410251130/tools/bin/../lib/gcc/arm-none-eabi/12.3.1/../../../../arm-none-eabi/lib/thumb/v7-m/nofp\libnosys.a
END GROUP
LOAD C:/ST/STM32CubeIDE_1.17.0/STM32CubeIDE/plugins/com.st.stm32cube.ide.mcu.externaltools.gnu-tools-for-stm32.12.3.rel1.win32_1.1.0.202410251130/tools/bin/../lib/gcc/arm-none-eabi/12.3.1/thumb/v7-m/nofp/crtend.o
LOAD C:/ST/STM32CubeIDE_1.17.0/STM32CubeIDE/plugins/com.st.stm32cube.ide.mcu.externaltools.gnu-tools-for-stm32.12.3.rel1.win32_1.1.0.202410251130/tools/bin/../lib/gcc/arm-none-eabi/12.3.1/thumb/v7-m/nofp/crtn.o
                0x20005000                        _estack = (ORIGIN (RAM) + LENGTH (RAM))
                0x00000200                        _Min_Heap_Size = 0x200
                0x00000400                        _Min_Stack_Size = 0x400

.isr_vector     0x08000000      0x10c
                0x08000000                        . = ALIGN (0x4)
 *(.isr_vector)
 .isr_vector    0x08000000      0x10c ./Core/Startup/startup_stm32f103c8tx.o
                0x08000000                g_pfnVectors
                0x0800010c                        . = ALIGN (0x4)

.text           0x0800010c     0x20d4
                0x0800010c                        . = ALIGN (0x4)
 *(.text)
 .text          0x0800010c       0x40 C:/ST/STM32CubeIDE_1.17.0/STM32CubeIDE/plugins/com.st.stm32cube.ide.mcu.externaltools.gnu-tools-for-stm32.12.3.rel1.win32_1.1.0.202410251130/tools/bin/../lib/gcc/arm-none-eabi/12.3.1/thumb/v7-m/nofp/crtbegin.o
 .text          0x0800014c       0x10 C:/ST/STM32CubeIDE_1.17.0/STM32CubeIDE/plugins/com.st.stm32cube.ide.mcu.externaltools.gnu-tools-for-stm32.12.3.rel1.win32_1.1.0.202410251130/tools/bin/../lib/gcc/arm-none-eabi/12.3.1/../../../../arm-none-eabi/lib/thumb/v7-m/nofp\libc_nano.a(libc_a-strlen.o)
                0x0800014c                strlen
 *(.text*)
 .text.Jump_To_Application
                0x0800015c       0x36 ./Core/Src/app_jump.o
                0x0800015c                Jump_To_Application
 .text.Calculate_CRC
                0x08000192       0x24 ./Core/Src/crc_if.o
                0x08000192                Calculate_CRC
 .text.CRC_Check_Passed
                0x080001b6       0x40 ./Core/Src/crc_if.o
                0x080001b6                CRC_Check_Passed
 .text.Flash_Erase
                0x080001f6       0x48 ./Core/Src/flash_if.o
                0x080001f6                Flash_Erase
 .text.Flash_Write
                0x0800023e       0x66 ./Core/Src/flash_if.o
                0x0800023e                Flash_Write
 .text.Backup_Current_Firmware
                0x080002a4       0xb0 ./Core/Src/flash_if.o
                0x080002a4                Backup_Current_Firmware
 .text.FOTA_Error_Handler
                0x08000354       0x20 ./Core/Src/fota_error_handler.o
                0x08000354                FOTA_Error_Handler
 .text.Is_OTA_Triggered
                0x08000374       0x2a ./Core/Src/gpio_if.o
                0x08000374                Is_OTA_Triggered
 *fill*         0x0800039e        0x2 
 .text.main     0x080003a0       0xf4 ./Core/Src/main.o
                0x080003a0                main
 .text.SystemClock_Config
                0x08000494       0x76 ./Core/Src/main.o
                0x08000494                SystemClock_Config
 *fill*         0x0800050a        0x2 
 .text.MX_CRC_Init
                0x0800050c       0x28 ./Core/Src/main.o
 .text.MX_USART1_UART_Init
                0x08000534       0x54 ./Core/Src/main.o
 .text.MX_GPIO_Init
                0x08000588       0x9c ./Core/Src/main.o
 .text.Error_Handler
                0x08000624        0xc ./Core/Src/main.o
                0x08000624                Error_Handler
 .text.HAL_MspInit
                0x08000630       0x64 ./Core/Src/stm32f1xx_hal_msp.o
                0x08000630                HAL_MspInit
 .text.HAL_CRC_MspInit
                0x08000694       0x3c ./Core/Src/stm32f1xx_hal_msp.o
                0x08000694                HAL_CRC_MspInit
 .text.HAL_UART_MspInit
                0x080006d0       0x98 ./Core/Src/stm32f1xx_hal_msp.o
                0x080006d0                HAL_UART_MspInit
 .text.NMI_Handler
                0x08000768        0x8 ./Core/Src/stm32f1xx_it.o
                0x08000768                NMI_Handler
 .text.HardFault_Handler
                0x08000770        0x8 ./Core/Src/stm32f1xx_it.o
                0x08000770                HardFault_Handler
 .text.MemManage_Handler
                0x08000778        0x8 ./Core/Src/stm32f1xx_it.o
                0x08000778                MemManage_Handler
 .text.BusFault_Handler
                0x08000780        0x8 ./Core/Src/stm32f1xx_it.o
                0x08000780                BusFault_Handler
 .text.UsageFault_Handler
                0x08000788        0x8 ./Core/Src/stm32f1xx_it.o
                0x08000788                UsageFault_Handler
 .text.SVC_Handler
                0x08000790        0xc ./Core/Src/stm32f1xx_it.o
                0x08000790                SVC_Handler
 .text.DebugMon_Handler
                0x0800079c        0xc ./Core/Src/stm32f1xx_it.o
                0x0800079c                DebugMon_Handler
 .text.PendSV_Handler
                0x080007a8        0xc ./Core/Src/stm32f1xx_it.o
                0x080007a8                PendSV_Handler
 .text.SysTick_Handler
                0x080007b4        0xc ./Core/Src/stm32f1xx_it.o
                0x080007b4                SysTick_Handler
 .text.SystemInit
                0x080007c0        0xc ./Core/Src/system_stm32f1xx.o
                0x080007c0                SystemInit
 .text.UART_Send_String
                0x080007cc       0x28 ./Core/Src/uart_if.o
                0x080007cc                UART_Send_String
 .text.UART_Receive_Firmware
                0x080007f4       0x38 ./Core/Src/uart_if.o
                0x080007f4                UART_Receive_Firmware
 .text.Reset_Handler
                0x0800082c       0x48 ./Core/Startup/startup_stm32f103c8tx.o
                0x0800082c                Reset_Handler
 .text.Default_Handler
                0x08000874        0x2 ./Core/Startup/startup_stm32f103c8tx.o
                0x08000874                RTC_Alarm_IRQHandler
                0x08000874                EXTI2_IRQHandler
                0x08000874                TIM1_CC_IRQHandler
                0x08000874                PVD_IRQHandler
                0x08000874                EXTI3_IRQHandler
                0x08000874                EXTI0_IRQHandler
                0x08000874                I2C2_EV_IRQHandler
                0x08000874                ADC1_2_IRQHandler
                0x08000874                SPI1_IRQHandler
                0x08000874                TAMPER_IRQHandler
                0x08000874                DMA1_Channel4_IRQHandler
                0x08000874                USART3_IRQHandler
                0x08000874                RTC_IRQHandler
                0x08000874                DMA1_Channel7_IRQHandler
                0x08000874                CAN1_RX1_IRQHandler
                0x08000874                TIM4_IRQHandler
                0x08000874                I2C1_EV_IRQHandler
                0x08000874                DMA1_Channel6_IRQHandler
                0x08000874                TIM3_IRQHandler
                0x08000874                RCC_IRQHandler
                0x08000874                TIM1_TRG_COM_IRQHandler
                0x08000874                DMA1_Channel1_IRQHandler
                0x08000874                Default_Handler
                0x08000874                EXTI15_10_IRQHandler
                0x08000874                EXTI9_5_IRQHandler
                0x08000874                SPI2_IRQHandler
                0x08000874                DMA1_Channel5_IRQHandler
                0x08000874                EXTI4_IRQHandler
                0x08000874                USB_LP_CAN1_RX0_IRQHandler
                0x08000874                USB_HP_CAN1_TX_IRQHandler
                0x08000874                DMA1_Channel3_IRQHandler
                0x08000874                TIM1_UP_IRQHandler
                0x08000874                WWDG_IRQHandler
                0x08000874                TIM2_IRQHandler
                0x08000874                TIM1_BRK_IRQHandler
                0x08000874                EXTI1_IRQHandler
                0x08000874                USART2_IRQHandler
                0x08000874                I2C2_ER_IRQHandler
                0x08000874                DMA1_Channel2_IRQHandler
                0x08000874                CAN1_SCE_IRQHandler
                0x08000874                FLASH_IRQHandler
                0x08000874                USART1_IRQHandler
                0x08000874                I2C1_ER_IRQHandler
                0x08000874                USBWakeUp_IRQHandler
 *fill*         0x08000876        0x2 
 .text.HAL_Init
                0x08000878       0x2c ./Drivers/STM32F1xx_HAL_Driver/Src/stm32f1xx_hal.o
                0x08000878                HAL_Init
 .text.HAL_DeInit
                0x080008a4       0x30 ./Drivers/STM32F1xx_HAL_Driver/Src/stm32f1xx_hal.o
                0x080008a4                HAL_DeInit
 .text.HAL_MspDeInit
                0x080008d4        0xc ./Drivers/STM32F1xx_HAL_Driver/Src/stm32f1xx_hal.o
                0x080008d4                HAL_MspDeInit
 .text.HAL_InitTick
                0x080008e0       0x60 ./Drivers/STM32F1xx_HAL_Driver/Src/stm32f1xx_hal.o
                0x080008e0                HAL_InitTick
 .text.HAL_IncTick
                0x08000940       0x24 ./Drivers/STM32F1xx_HAL_Driver/Src/stm32f1xx_hal.o
                0x08000940                HAL_IncTick
 .text.HAL_GetTick
                0x08000964       0x14 ./Drivers/STM32F1xx_HAL_Driver/Src/stm32f1xx_hal.o
                0x08000964                HAL_GetTick
 .text.HAL_Delay
                0x08000978       0x48 ./Drivers/STM32F1xx_HAL_Driver/Src/stm32f1xx_hal.o
                0x08000978                HAL_Delay
 .text.__NVIC_SetPriorityGrouping
                0x080009c0       0x48 ./Drivers/STM32F1xx_HAL_Driver/Src/stm32f1xx_hal_cortex.o
 .text.__NVIC_GetPriorityGrouping
                0x08000a08       0x1c ./Drivers/STM32F1xx_HAL_Driver/Src/stm32f1xx_hal_cortex.o
 .text.__NVIC_SetPriority
                0x08000a24       0x54 ./Drivers/STM32F1xx_HAL_Driver/Src/stm32f1xx_hal_cortex.o
 .text.NVIC_EncodePriority
                0x08000a78       0x64 ./Drivers/STM32F1xx_HAL_Driver/Src/stm32f1xx_hal_cortex.o
 .text.SysTick_Config
                0x08000adc       0x44 ./Drivers/STM32F1xx_HAL_Driver/Src/stm32f1xx_hal_cortex.o
 .text.HAL_NVIC_SetPriorityGrouping
                0x08000b20       0x16 ./Drivers/STM32F1xx_HAL_Driver/Src/stm32f1xx_hal_cortex.o
                0x08000b20                HAL_NVIC_SetPriorityGrouping
 .text.HAL_NVIC_SetPriority
                0x08000b36       0x38 ./Drivers/STM32F1xx_HAL_Driver/Src/stm32f1xx_hal_cortex.o
                0x08000b36                HAL_NVIC_SetPriority
 .text.HAL_SYSTICK_Config
                0x08000b6e       0x18 ./Drivers/STM32F1xx_HAL_Driver/Src/stm32f1xx_hal_cortex.o
                0x08000b6e                HAL_SYSTICK_Config
 .text.HAL_CRC_Init
                0x08000b86       0x38 ./Drivers/STM32F1xx_HAL_Driver/Src/stm32f1xx_hal_crc.o
                0x08000b86                HAL_CRC_Init
 .text.HAL_CRC_Calculate
                0x08000bbe       0x64 ./Drivers/STM32F1xx_HAL_Driver/Src/stm32f1xx_hal_crc.o
                0x08000bbe                HAL_CRC_Calculate
 *fill*         0x08000c22        0x2 
 .text.HAL_FLASH_Program
                0x08000c24       0xe0 ./Drivers/STM32F1xx_HAL_Driver/Src/stm32f1xx_hal_flash.o
                0x08000c24                HAL_FLASH_Program
 .text.HAL_FLASH_Unlock
                0x08000d04       0x4c ./Drivers/STM32F1xx_HAL_Driver/Src/stm32f1xx_hal_flash.o
                0x08000d04                HAL_FLASH_Unlock
 .text.HAL_FLASH_Lock
                0x08000d50       0x20 ./Drivers/STM32F1xx_HAL_Driver/Src/stm32f1xx_hal_flash.o
                0x08000d50                HAL_FLASH_Lock
 .text.FLASH_Program_HalfWord
                0x08000d70       0x38 ./Drivers/STM32F1xx_HAL_Driver/Src/stm32f1xx_hal_flash.o
 .text.FLASH_WaitForLastOperation
                0x08000da8       0x8c ./Drivers/STM32F1xx_HAL_Driver/Src/stm32f1xx_hal_flash.o
                0x08000da8                FLASH_WaitForLastOperation
 .text.FLASH_SetErrorCode
                0x08000e34       0xa0 ./Drivers/STM32F1xx_HAL_Driver/Src/stm32f1xx_hal_flash.o
 .text.HAL_FLASHEx_Erase
                0x08000ed4       0xd8 ./Drivers/STM32F1xx_HAL_Driver/Src/stm32f1xx_hal_flash_ex.o
                0x08000ed4                HAL_FLASHEx_Erase
 .text.FLASH_MassErase
                0x08000fac       0x38 ./Drivers/STM32F1xx_HAL_Driver/Src/stm32f1xx_hal_flash_ex.o
 .text.FLASH_PageErase
                0x08000fe4       0x40 ./Drivers/STM32F1xx_HAL_Driver/Src/stm32f1xx_hal_flash_ex.o
                0x08000fe4                FLASH_PageErase
 .text.HAL_GPIO_Init
                0x08001024      0x308 ./Drivers/STM32F1xx_HAL_Driver/Src/stm32f1xx_hal_gpio.o
                0x08001024                HAL_GPIO_Init
 .text.HAL_GPIO_ReadPin
                0x0800132c       0x2e ./Drivers/STM32F1xx_HAL_Driver/Src/stm32f1xx_hal_gpio.o
                0x0800132c                HAL_GPIO_ReadPin
 .text.HAL_GPIO_WritePin
                0x0800135a       0x30 ./Drivers/STM32F1xx_HAL_Driver/Src/stm32f1xx_hal_gpio.o
                0x0800135a                HAL_GPIO_WritePin
 .text.HAL_GPIO_TogglePin
                0x0800138a       0x32 ./Drivers/STM32F1xx_HAL_Driver/Src/stm32f1xx_hal_gpio.o
                0x0800138a                HAL_GPIO_TogglePin
 .text.HAL_RCC_OscConfig
                0x080013bc      0x504 ./Drivers/STM32F1xx_HAL_Driver/Src/stm32f1xx_hal_rcc.o
                0x080013bc                HAL_RCC_OscConfig
 .text.HAL_RCC_ClockConfig
                0x080018c0      0x1d4 ./Drivers/STM32F1xx_HAL_Driver/Src/stm32f1xx_hal_rcc.o
                0x080018c0                HAL_RCC_ClockConfig
 .text.HAL_RCC_GetSysClockFreq
                0x08001a94       0xa8 ./Drivers/STM32F1xx_HAL_Driver/Src/stm32f1xx_hal_rcc.o
                0x08001a94                HAL_RCC_GetSysClockFreq
 .text.HAL_RCC_GetHCLKFreq
                0x08001b3c       0x14 ./Drivers/STM32F1xx_HAL_Driver/Src/stm32f1xx_hal_rcc.o
                0x08001b3c                HAL_RCC_GetHCLKFreq
 .text.HAL_RCC_GetPCLK1Freq
                0x08001b50       0x28 ./Drivers/STM32F1xx_HAL_Driver/Src/stm32f1xx_hal_rcc.o
                0x08001b50                HAL_RCC_GetPCLK1Freq
 .text.HAL_RCC_GetPCLK2Freq
                0x08001b78       0x28 ./Drivers/STM32F1xx_HAL_Driver/Src/stm32f1xx_hal_rcc.o
                0x08001b78                HAL_RCC_GetPCLK2Freq
 .text.RCC_Delay
                0x08001ba0       0x3c ./Drivers/STM32F1xx_HAL_Driver/Src/stm32f1xx_hal_rcc.o
 .text.HAL_UART_Init
                0x08001bdc       0xa0 ./Drivers/STM32F1xx_HAL_Driver/Src/stm32f1xx_hal_uart.o
                0x08001bdc                HAL_UART_Init
 .text.HAL_UART_Transmit
                0x08001c7c      0x116 ./Drivers/STM32F1xx_HAL_Driver/Src/stm32f1xx_hal_uart.o
                0x08001c7c                HAL_UART_Transmit
 .text.HAL_UART_Receive
                0x08001d92      0x12e ./Drivers/STM32F1xx_HAL_Driver/Src/stm32f1xx_hal_uart.o
                0x08001d92                HAL_UART_Receive
 .text.UART_WaitOnFlagUntilTimeout
                0x08001ec0       0xb2 ./Drivers/STM32F1xx_HAL_Driver/Src/stm32f1xx_hal_uart.o
 .text.UART_EndRxTransfer
                0x08001f72       0xc4 ./Drivers/STM32F1xx_HAL_Driver/Src/stm32f1xx_hal_uart.o
 *fill*         0x08002036        0x2 
 .text.UART_SetConfig
                0x08002038      0x11c ./Drivers/STM32F1xx_HAL_Driver/Src/stm32f1xx_hal_uart.o
 .text.memset   0x08002154       0x10 C:/ST/STM32CubeIDE_1.17.0/STM32CubeIDE/plugins/com.st.stm32cube.ide.mcu.externaltools.gnu-tools-for-stm32.12.3.rel1.win32_1.1.0.202410251130/tools/bin/../lib/gcc/arm-none-eabi/12.3.1/../../../../arm-none-eabi/lib/thumb/v7-m/nofp\libc_nano.a(libc_a-memset.o)
                0x08002154                memset
 .text.__libc_init_array
                0x08002164       0x48 C:/ST/STM32CubeIDE_1.17.0/STM32CubeIDE/plugins/com.st.stm32cube.ide.mcu.externaltools.gnu-tools-for-stm32.12.3.rel1.win32_1.1.0.202410251130/tools/bin/../lib/gcc/arm-none-eabi/12.3.1/../../../../arm-none-eabi/lib/thumb/v7-m/nofp\libc_nano.a(libc_a-init.o)
                0x08002164                __libc_init_array
 .text.memcpy   0x080021ac       0x1c C:/ST/STM32CubeIDE_1.17.0/STM32CubeIDE/plugins/com.st.stm32cube.ide.mcu.externaltools.gnu-tools-for-stm32.12.3.rel1.win32_1.1.0.202410251130/tools/bin/../lib/gcc/arm-none-eabi/12.3.1/../../../../arm-none-eabi/lib/thumb/v7-m/nofp\libc_nano.a(libc_a-memcpy-stub.o)
                0x080021ac                memcpy
 *(.glue_7)
 .glue_7        0x080021c8        0x0 linker stubs
 *(.glue_7t)
 .glue_7t       0x080021c8        0x0 linker stubs
 *(.eh_frame)
 .eh_frame      0x080021c8        0x0 C:/ST/STM32CubeIDE_1.17.0/STM32CubeIDE/plugins/com.st.stm32cube.ide.mcu.externaltools.gnu-tools-for-stm32.12.3.rel1.win32_1.1.0.202410251130/tools/bin/../lib/gcc/arm-none-eabi/12.3.1/thumb/v7-m/nofp/crtbegin.o
 *(.init)
 .init          0x080021c8        0x4 C:/ST/STM32CubeIDE_1.17.0/STM32CubeIDE/plugins/com.st.stm32cube.ide.mcu.externaltools.gnu-tools-for-stm32.12.3.rel1.win32_1.1.0.202410251130/tools/bin/../lib/gcc/arm-none-eabi/12.3.1/thumb/v7-m/nofp/crti.o
                0x080021c8                _init
 .init          0x080021cc        0x8 C:/ST/STM32CubeIDE_1.17.0/STM32CubeIDE/plugins/com.st.stm32cube.ide.mcu.externaltools.gnu-tools-for-stm32.12.3.rel1.win32_1.1.0.202410251130/tools/bin/../lib/gcc/arm-none-eabi/12.3.1/thumb/v7-m/nofp/crtn.o
 *(.fini)
 .fini          0x080021d4        0x4 C:/ST/STM32CubeIDE_1.17.0/STM32CubeIDE/plugins/com.st.stm32cube.ide.mcu.externaltools.gnu-tools-for-stm32.12.3.rel1.win32_1.1.0.202410251130/tools/bin/../lib/gcc/arm-none-eabi/12.3.1/thumb/v7-m/nofp/crti.o
                0x080021d4                _fini
 .fini          0x080021d8        0x8 C:/ST/STM32CubeIDE_1.17.0/STM32CubeIDE/plugins/com.st.stm32cube.ide.mcu.externaltools.gnu-tools-for-stm32.12.3.rel1.win32_1.1.0.202410251130/tools/bin/../lib/gcc/arm-none-eabi/12.3.1/thumb/v7-m/nofp/crtn.o
                0x080021e0                        . = ALIGN (0x4)
                0x080021e0                        _etext = .

.vfp11_veneer   0x080021e0        0x0
 .vfp11_veneer  0x080021e0        0x0 linker stubs

.v4_bx          0x080021e0        0x0
 .v4_bx         0x080021e0        0x0 linker stubs

.iplt           0x080021e0        0x0
 .iplt          0x080021e0        0x0 C:/ST/STM32CubeIDE_1.17.0/STM32CubeIDE/plugins/com.st.stm32cube.ide.mcu.externaltools.gnu-tools-for-stm32.12.3.rel1.win32_1.1.0.202410251130/tools/bin/../lib/gcc/arm-none-eabi/12.3.1/thumb/v7-m/nofp/crtbegin.o

.rodata         0x080021e0       0xd4
                0x080021e0                        . = ALIGN (0x4)
 *(.rodata)
 .rodata        0x080021e0       0xa5 ./Core/Src/main.o
 *(.rodata*)
 *fill*         0x08002285        0x3 
 .rodata.AHBPrescTable
                0x08002288       0x10 ./Core/Src/system_stm32f1xx.o
                0x08002288                AHBPrescTable
 .rodata.APBPrescTable
                0x08002298        0x8 ./Core/Src/system_stm32f1xx.o
                0x08002298                APBPrescTable
 .rodata.aPLLMULFactorTable.1
                0x080022a0       0x10 ./Drivers/STM32F1xx_HAL_Driver/Src/stm32f1xx_hal_rcc.o
 .rodata.aPredivFactorTable.0
                0x080022b0        0x2 ./Drivers/STM32F1xx_HAL_Driver/Src/stm32f1xx_hal_rcc.o
                0x080022b4                        . = ALIGN (0x4)
 *fill*         0x080022b2        0x2 

.ARM.extab      0x080022b4        0x0
                0x080022b4                        . = ALIGN (0x4)
 *(.ARM.extab* .gnu.linkonce.armextab.*)
                0x080022b4                        . = ALIGN (0x4)

.ARM            0x080022b4        0x8
                0x080022b4                        . = ALIGN (0x4)
                0x080022b4                        __exidx_start = .
 *(.ARM.exidx*)
 .ARM.exidx     0x080022b4        0x8 C:/ST/STM32CubeIDE_1.17.0/STM32CubeIDE/plugins/com.st.stm32cube.ide.mcu.externaltools.gnu-tools-for-stm32.12.3.rel1.win32_1.1.0.202410251130/tools/bin/../lib/gcc/arm-none-eabi/12.3.1/../../../../arm-none-eabi/lib/thumb/v7-m/nofp\libc_nano.a(libc_a-strlen.o)
                0x080022bc                        __exidx_end = .
                0x080022bc                        . = ALIGN (0x4)

.preinit_array  0x080022bc        0x0
                0x080022bc                        . = ALIGN (0x4)
                0x080022bc                        PROVIDE (__preinit_array_start = .)
 *(.preinit_array*)
                0x080022bc                        PROVIDE (__preinit_array_end = .)
                0x080022bc                        . = ALIGN (0x4)

.init_array     0x080022bc        0x4
                0x080022bc                        . = ALIGN (0x4)
                0x080022bc                        PROVIDE (__init_array_start = .)
 *(SORT_BY_NAME(.init_array.*))
 *(.init_array*)
 .init_array    0x080022bc        0x4 C:/ST/STM32CubeIDE_1.17.0/STM32CubeIDE/plugins/com.st.stm32cube.ide.mcu.externaltools.gnu-tools-for-stm32.12.3.rel1.win32_1.1.0.202410251130/tools/bin/../lib/gcc/arm-none-eabi/12.3.1/thumb/v7-m/nofp/crtbegin.o
                0x080022c0                        PROVIDE (__init_array_end = .)
                0x080022c0                        . = ALIGN (0x4)

.fini_array     0x080022c0        0x4
                0x080022c0                        . = ALIGN (0x4)
                [!provide]                        PROVIDE (__fini_array_start = .)
 *(SORT_BY_NAME(.fini_array.*))
 *(.fini_array*)
 .fini_array    0x080022c0        0x4 C:/ST/STM32CubeIDE_1.17.0/STM32CubeIDE/plugins/com.st.stm32cube.ide.mcu.externaltools.gnu-tools-for-stm32.12.3.rel1.win32_1.1.0.202410251130/tools/bin/../lib/gcc/arm-none-eabi/12.3.1/thumb/v7-m/nofp/crtbegin.o
                [!provide]                        PROVIDE (__fini_array_end = .)
                0x080022c4                        . = ALIGN (0x4)
                0x080022c4                        _sidata = LOADADDR (.data)

.rel.dyn        0x080022c4        0x0
 .rel.iplt      0x080022c4        0x0 C:/ST/STM32CubeIDE_1.17.0/STM32CubeIDE/plugins/com.st.stm32cube.ide.mcu.externaltools.gnu-tools-for-stm32.12.3.rel1.win32_1.1.0.202410251130/tools/bin/../lib/gcc/arm-none-eabi/12.3.1/thumb/v7-m/nofp/crtbegin.o

.data           0x20000000        0xc load address 0x080022c4
                0x20000000                        . = ALIGN (0x4)
                0x20000000                        _sdata = .
 *(.data)
 *(.data*)
 .data.SystemCoreClock
                0x20000000        0x4 ./Core/Src/system_stm32f1xx.o
                0x20000000                SystemCoreClock
 .data.uwTickPrio
                0x20000004        0x4 ./Drivers/STM32F1xx_HAL_Driver/Src/stm32f1xx_hal.o
                0x20000004                uwTickPrio
 .data.uwTickFreq
                0x20000008        0x1 ./Drivers/STM32F1xx_HAL_Driver/Src/stm32f1xx_hal.o
                0x20000008                uwTickFreq
 *(.RamFunc)
 *(.RamFunc*)
                0x2000000c                        . = ALIGN (0x4)
 *fill*         0x20000009        0x3 
                0x2000000c                        _edata = .

.igot.plt       0x2000000c        0x0 load address 0x080022d0
 .igot.plt      0x2000000c        0x0 C:/ST/STM32CubeIDE_1.17.0/STM32CubeIDE/plugins/com.st.stm32cube.ide.mcu.externaltools.gnu-tools-for-stm32.12.3.rel1.win32_1.1.0.202410251130/tools/bin/../lib/gcc/arm-none-eabi/12.3.1/thumb/v7-m/nofp/crtbegin.o
                0x2000000c                        . = ALIGN (0x4)

.bss            0x20000010       0x90 load address 0x080022d0
                0x20000010                        _sbss = .
                0x20000010                        __bss_start__ = _sbss
 *(.bss)
 .bss           0x20000010       0x1c C:/ST/STM32CubeIDE_1.17.0/STM32CubeIDE/plugins/com.st.stm32cube.ide.mcu.externaltools.gnu-tools-for-stm32.12.3.rel1.win32_1.1.0.202410251130/tools/bin/../lib/gcc/arm-none-eabi/12.3.1/thumb/v7-m/nofp/crtbegin.o
 *(.bss*)
 .bss.hcrc      0x2000002c        0x8 ./Core/Src/main.o
                0x2000002c                hcrc
 .bss.huart1    0x20000034       0x48 ./Core/Src/main.o
                0x20000034                huart1
 .bss.uwTick    0x2000007c        0x4 ./Drivers/STM32F1xx_HAL_Driver/Src/stm32f1xx_hal.o
                0x2000007c                uwTick
 .bss.pFlash    0x20000080       0x20 ./Drivers/STM32F1xx_HAL_Driver/Src/stm32f1xx_hal_flash.o
                0x20000080                pFlash
 *(COMMON)
                0x200000a0                        . = ALIGN (0x4)
                0x200000a0                        _ebss = .
                0x200000a0                        __bss_end__ = _ebss

._user_heap_stack
                0x200000a0      0x600 load address 0x080022d0
                0x200000a0                        . = ALIGN (0x8)
                [!provide]                        PROVIDE (end = .)
                0x200000a0                        PROVIDE (_end = .)
                0x200002a0                        . = (. + _Min_Heap_Size)
 *fill*         0x200000a0      0x200 
                0x200006a0                        . = (. + _Min_Stack_Size)
 *fill*         0x200002a0      0x400 
                0x200006a0                        . = ALIGN (0x8)

/DISCARD/
 libc.a(*)
 libm.a(*)
 libgcc.a(*)

.ARM.attributes
                0x00000000       0x29
 *(.ARM.attributes)
 .ARM.attributes
                0x00000000       0x1d C:/ST/STM32CubeIDE_1.17.0/STM32CubeIDE/plugins/com.st.stm32cube.ide.mcu.externaltools.gnu-tools-for-stm32.12.3.rel1.win32_1.1.0.202410251130/tools/bin/../lib/gcc/arm-none-eabi/12.3.1/thumb/v7-m/nofp/crti.o
 .ARM.attributes
                0x0000001d       0x2d C:/ST/STM32CubeIDE_1.17.0/STM32CubeIDE/plugins/com.st.stm32cube.ide.mcu.externaltools.gnu-tools-for-stm32.12.3.rel1.win32_1.1.0.202410251130/tools/bin/../lib/gcc/arm-none-eabi/12.3.1/thumb/v7-m/nofp/crtbegin.o
 .ARM.attributes
                0x0000004a       0x2d ./Core/Src/app_jump.o
 .ARM.attributes
                0x00000077       0x2d ./Core/Src/crc_if.o
 .ARM.attributes
                0x000000a4       0x2d ./Core/Src/flash_if.o
 .ARM.attributes
                0x000000d1       0x2d ./Core/Src/fota_error_handler.o
 .ARM.attributes
                0x000000fe       0x2d ./Core/Src/gpio_if.o
 .ARM.attributes
                0x0000012b       0x2d ./Core/Src/main.o
 .ARM.attributes
                0x00000158       0x2d ./Core/Src/stm32f1xx_hal_msp.o
 .ARM.attributes
                0x00000185       0x2d ./Core/Src/stm32f1xx_it.o
 .ARM.attributes
                0x000001b2       0x2d ./Core/Src/system_stm32f1xx.o
 .ARM.attributes
                0x000001df       0x2d ./Core/Src/uart_if.o
 .ARM.attributes
                0x0000020c       0x21 ./Core/Startup/startup_stm32f103c8tx.o
 .ARM.attributes
                0x0000022d       0x2d ./Drivers/STM32F1xx_HAL_Driver/Src/stm32f1xx_hal.o
 .ARM.attributes
                0x0000025a       0x2d ./Drivers/STM32F1xx_HAL_Driver/Src/stm32f1xx_hal_cortex.o
 .ARM.attributes
                0x00000287       0x2d ./Drivers/STM32F1xx_HAL_Driver/Src/stm32f1xx_hal_crc.o
 .ARM.attributes
                0x000002b4       0x2d ./Drivers/STM32F1xx_HAL_Driver/Src/stm32f1xx_hal_flash.o
 .ARM.attributes
                0x000002e1       0x2d ./Drivers/STM32F1xx_HAL_Driver/Src/stm32f1xx_hal_flash_ex.o
 .ARM.attributes
                0x0000030e       0x2d ./Drivers/STM32F1xx_HAL_Driver/Src/stm32f1xx_hal_gpio.o
 .ARM.attributes
                0x0000033b       0x2d ./Drivers/STM32F1xx_HAL_Driver/Src/stm32f1xx_hal_rcc.o
 .ARM.attributes
                0x00000368       0x2d ./Drivers/STM32F1xx_HAL_Driver/Src/stm32f1xx_hal_uart.o
 .ARM.attributes
                0x00000395       0x2d C:/ST/STM32CubeIDE_1.17.0/STM32CubeIDE/plugins/com.st.stm32cube.ide.mcu.externaltools.gnu-tools-for-stm32.12.3.rel1.win32_1.1.0.202410251130/tools/bin/../lib/gcc/arm-none-eabi/12.3.1/../../../../arm-none-eabi/lib/thumb/v7-m/nofp\libc_nano.a(libc_a-memset.o)
 .ARM.attributes
                0x000003c2       0x2d C:/ST/STM32CubeIDE_1.17.0/STM32CubeIDE/plugins/com.st.stm32cube.ide.mcu.externaltools.gnu-tools-for-stm32.12.3.rel1.win32_1.1.0.202410251130/tools/bin/../lib/gcc/arm-none-eabi/12.3.1/../../../../arm-none-eabi/lib/thumb/v7-m/nofp\libc_nano.a(libc_a-init.o)
 .ARM.attributes
                0x000003ef       0x2d C:/ST/STM32CubeIDE_1.17.0/STM32CubeIDE/plugins/com.st.stm32cube.ide.mcu.externaltools.gnu-tools-for-stm32.12.3.rel1.win32_1.1.0.202410251130/tools/bin/../lib/gcc/arm-none-eabi/12.3.1/../../../../arm-none-eabi/lib/thumb/v7-m/nofp\libc_nano.a(libc_a-memcpy-stub.o)
 .ARM.attributes
                0x0000041c       0x17 C:/ST/STM32CubeIDE_1.17.0/STM32CubeIDE/plugins/com.st.stm32cube.ide.mcu.externaltools.gnu-tools-for-stm32.12.3.rel1.win32_1.1.0.202410251130/tools/bin/../lib/gcc/arm-none-eabi/12.3.1/../../../../arm-none-eabi/lib/thumb/v7-m/nofp\libc_nano.a(libc_a-strlen.o)
 .ARM.attributes
                0x00000433       0x1d C:/ST/STM32CubeIDE_1.17.0/STM32CubeIDE/plugins/com.st.stm32cube.ide.mcu.externaltools.gnu-tools-for-stm32.12.3.rel1.win32_1.1.0.202410251130/tools/bin/../lib/gcc/arm-none-eabi/12.3.1/thumb/v7-m/nofp/crtn.o
OUTPUT(FOTA_BOOTLOADER.elf elf32-littlearm)
LOAD linker stubs
LOAD C:/ST/STM32CubeIDE_1.17.0/STM32CubeIDE/plugins/com.st.stm32cube.ide.mcu.externaltools.gnu-tools-for-stm32.12.3.rel1.win32_1.1.0.202410251130/tools/bin/../lib/gcc/arm-none-eabi/12.3.1/../../../../arm-none-eabi/lib/thumb/v7-m/nofp\libc.a
LOAD C:/ST/STM32CubeIDE_1.17.0/STM32CubeIDE/plugins/com.st.stm32cube.ide.mcu.externaltools.gnu-tools-for-stm32.12.3.rel1.win32_1.1.0.202410251130/tools/bin/../lib/gcc/arm-none-eabi/12.3.1/../../../../arm-none-eabi/lib/thumb/v7-m/nofp\libm.a
LOAD C:/ST/STM32CubeIDE_1.17.0/STM32CubeIDE/plugins/com.st.stm32cube.ide.mcu.externaltools.gnu-tools-for-stm32.12.3.rel1.win32_1.1.0.202410251130/tools/bin/../lib/gcc/arm-none-eabi/12.3.1/thumb/v7-m/nofp\libgcc.a

.debug_info     0x00000000     0x8ace
 .debug_info    0x00000000      0x173 ./Core/Src/app_jump.o
 .debug_info    0x00000173      0x729 ./Core/Src/crc_if.o
 .debug_info    0x0000089c      0x2e9 ./Core/Src/flash_if.o
 .debug_info    0x00000b85      0x15b ./Core/Src/fota_error_handler.o
 .debug_info    0x00000ce0      0x1a1 ./Core/Src/gpio_if.o
 .debug_info    0x00000e81      0xb92 ./Core/Src/main.o
 .debug_info    0x00001a13      0x92c ./Core/Src/stm32f1xx_hal_msp.o
 .debug_info    0x0000233f      0x113 ./Core/Src/stm32f1xx_it.o
 .debug_info    0x00002452      0x222 ./Core/Src/system_stm32f1xx.o
 .debug_info    0x00002674      0x644 ./Core/Src/uart_if.o
 .debug_info    0x00002cb8       0x30 ./Core/Startup/startup_stm32f103c8tx.o
 .debug_info    0x00002ce8      0x704 ./Drivers/STM32F1xx_HAL_Driver/Src/stm32f1xx_hal.o
 .debug_info    0x000033ec      0xa87 ./Drivers/STM32F1xx_HAL_Driver/Src/stm32f1xx_hal_cortex.o
 .debug_info    0x00003e73      0x37f ./Drivers/STM32F1xx_HAL_Driver/Src/stm32f1xx_hal_crc.o
 .debug_info    0x000041f2      0x4f8 ./Drivers/STM32F1xx_HAL_Driver/Src/stm32f1xx_hal_flash.o
 .debug_info    0x000046ea      0x777 ./Drivers/STM32F1xx_HAL_Driver/Src/stm32f1xx_hal_flash_ex.o
 .debug_info    0x00004e61      0x5ab ./Drivers/STM32F1xx_HAL_Driver/Src/stm32f1xx_hal_gpio.o
 .debug_info    0x0000540c      0x7d5 ./Drivers/STM32F1xx_HAL_Driver/Src/stm32f1xx_hal_rcc.o
 .debug_info    0x00005be1     0x2eed ./Drivers/STM32F1xx_HAL_Driver/Src/stm32f1xx_hal_uart.o

.debug_abbrev   0x00000000     0x204f
 .debug_abbrev  0x00000000      0x118 ./Core/Src/app_jump.o
 .debug_abbrev  0x00000118      0x1a1 ./Core/Src/crc_if.o
 .debug_abbrev  0x000002b9      0x14f ./Core/Src/flash_if.o
 .debug_abbrev  0x00000408       0xd9 ./Core/Src/fota_error_handler.o
 .debug_abbrev  0x000004e1      0x108 ./Core/Src/gpio_if.o
 .debug_abbrev  0x000005e9      0x273 ./Core/Src/main.o
 .debug_abbrev  0x0000085c      0x1c8 ./Core/Src/stm32f1xx_hal_msp.o
 .debug_abbrev  0x00000a24       0x73 ./Core/Src/stm32f1xx_it.o
 .debug_abbrev  0x00000a97      0x13f ./Core/Src/system_stm32f1xx.o
 .debug_abbrev  0x00000bd6      0x19f ./Core/Src/uart_if.o
 .debug_abbrev  0x00000d75       0x24 ./Core/Startup/startup_stm32f103c8tx.o
 .debug_abbrev  0x00000d99      0x201 ./Drivers/STM32F1xx_HAL_Driver/Src/stm32f1xx_hal.o
 .debug_abbrev  0x00000f9a      0x2f8 ./Drivers/STM32F1xx_HAL_Driver/Src/stm32f1xx_hal_cortex.o
 .debug_abbrev  0x00001292      0x1b1 ./Drivers/STM32F1xx_HAL_Driver/Src/stm32f1xx_hal_crc.o
 .debug_abbrev  0x00001443      0x250 ./Drivers/STM32F1xx_HAL_Driver/Src/stm32f1xx_hal_flash.o
 .debug_abbrev  0x00001693      0x247 ./Drivers/STM32F1xx_HAL_Driver/Src/stm32f1xx_hal_flash_ex.o
 .debug_abbrev  0x000018da      0x1ca ./Drivers/STM32F1xx_HAL_Driver/Src/stm32f1xx_hal_gpio.o
 .debug_abbrev  0x00001aa4      0x2b3 ./Drivers/STM32F1xx_HAL_Driver/Src/stm32f1xx_hal_rcc.o
 .debug_abbrev  0x00001d57      0x2f8 ./Drivers/STM32F1xx_HAL_Driver/Src/stm32f1xx_hal_uart.o

.debug_aranges  0x00000000      0x858
 .debug_aranges
                0x00000000       0x20 ./Core/Src/app_jump.o
 .debug_aranges
                0x00000020       0x28 ./Core/Src/crc_if.o
 .debug_aranges
                0x00000048       0x30 ./Core/Src/flash_if.o
 .debug_aranges
                0x00000078       0x20 ./Core/Src/fota_error_handler.o
 .debug_aranges
                0x00000098       0x20 ./Core/Src/gpio_if.o
 .debug_aranges
                0x000000b8       0x48 ./Core/Src/main.o
 .debug_aranges
                0x00000100       0x40 ./Core/Src/stm32f1xx_hal_msp.o
 .debug_aranges
                0x00000140       0x60 ./Core/Src/stm32f1xx_it.o
 .debug_aranges
                0x000001a0       0x28 ./Core/Src/system_stm32f1xx.o
 .debug_aranges
                0x000001c8       0x28 ./Core/Src/uart_if.o
 .debug_aranges
                0x000001f0       0x28 ./Core/Startup/startup_stm32f103c8tx.o
 .debug_aranges
                0x00000218       0xe0 ./Drivers/STM32F1xx_HAL_Driver/Src/stm32f1xx_hal.o
 .debug_aranges
                0x000002f8      0x100 ./Drivers/STM32F1xx_HAL_Driver/Src/stm32f1xx_hal_cortex.o
 .debug_aranges
                0x000003f8       0x50 ./Drivers/STM32F1xx_HAL_Driver/Src/stm32f1xx_hal_crc.o
 .debug_aranges
                0x00000448       0x88 ./Drivers/STM32F1xx_HAL_Driver/Src/stm32f1xx_hal_flash.o
 .debug_aranges
                0x000004d0       0x98 ./Drivers/STM32F1xx_HAL_Driver/Src/stm32f1xx_hal_flash_ex.o
 .debug_aranges
                0x00000568       0x58 ./Drivers/STM32F1xx_HAL_Driver/Src/stm32f1xx_hal_gpio.o
 .debug_aranges
                0x000005c0       0x90 ./Drivers/STM32F1xx_HAL_Driver/Src/stm32f1xx_hal_rcc.o
 .debug_aranges
                0x00000650      0x208 ./Drivers/STM32F1xx_HAL_Driver/Src/stm32f1xx_hal_uart.o

.debug_rnglists
                0x00000000      0x635
 .debug_rnglists
                0x00000000       0x13 ./Core/Src/app_jump.o
 .debug_rnglists
                0x00000013       0x19 ./Core/Src/crc_if.o
 .debug_rnglists
                0x0000002c       0x20 ./Core/Src/flash_if.o
 .debug_rnglists
                0x0000004c       0x13 ./Core/Src/fota_error_handler.o
 .debug_rnglists
                0x0000005f       0x13 ./Core/Src/gpio_if.o
 .debug_rnglists
                0x00000072       0x33 ./Core/Src/main.o
 .debug_rnglists
                0x000000a5       0x2c ./Core/Src/stm32f1xx_hal_msp.o
 .debug_rnglists
                0x000000d1       0x43 ./Core/Src/stm32f1xx_it.o
 .debug_rnglists
                0x00000114       0x1a ./Core/Src/system_stm32f1xx.o
 .debug_rnglists
                0x0000012e       0x19 ./Core/Src/uart_if.o
 .debug_rnglists
                0x00000147       0x19 ./Core/Startup/startup_stm32f103c8tx.o
 .debug_rnglists
                0x00000160       0xa3 ./Drivers/STM32F1xx_HAL_Driver/Src/stm32f1xx_hal.o
 .debug_rnglists
                0x00000203       0xbb ./Drivers/STM32F1xx_HAL_Driver/Src/stm32f1xx_hal_cortex.o
 .debug_rnglists
                0x000002be       0x37 ./Drivers/STM32F1xx_HAL_Driver/Src/stm32f1xx_hal_crc.o
 .debug_rnglists
                0x000002f5       0x66 ./Drivers/STM32F1xx_HAL_Driver/Src/stm32f1xx_hal_flash.o
 .debug_rnglists
                0x0000035b       0x73 ./Drivers/STM32F1xx_HAL_Driver/Src/stm32f1xx_hal_flash_ex.o
 .debug_rnglists
                0x000003ce       0x3f ./Drivers/STM32F1xx_HAL_Driver/Src/stm32f1xx_hal_gpio.o
 .debug_rnglists
                0x0000040d       0x6c ./Drivers/STM32F1xx_HAL_Driver/Src/stm32f1xx_hal_rcc.o
 .debug_rnglists
                0x00000479      0x1bc ./Drivers/STM32F1xx_HAL_Driver/Src/stm32f1xx_hal_uart.o

.debug_macro    0x00000000    0x177fb
 .debug_macro   0x00000000      0x1a2 ./Core/Src/app_jump.o
 .debug_macro   0x000001a2      0xaa8 ./Core/Src/app_jump.o
 .debug_macro   0x00000c4a       0x22 ./Core/Src/app_jump.o
 .debug_macro   0x00000c6c       0x8e ./Core/Src/app_jump.o
 .debug_macro   0x00000cfa       0x51 ./Core/Src/app_jump.o
 .debug_macro   0x00000d4b      0x103 ./Core/Src/app_jump.o
 .debug_macro   0x00000e4e       0x6a ./Core/Src/app_jump.o
 .debug_macro   0x00000eb8      0x1df ./Core/Src/app_jump.o
 .debug_macro   0x00001097      0x21b ./Core/Src/app_jump.o
 .debug_macro   0x000012b2       0x2e ./Core/Src/app_jump.o
 .debug_macro   0x000012e0       0x22 ./Core/Src/app_jump.o
 .debug_macro   0x00001302       0x1c ./Core/Src/app_jump.o
 .debug_macro   0x0000131e       0x22 ./Core/Src/app_jump.o
 .debug_macro   0x00001340       0xbd ./Core/Src/app_jump.o
 .debug_macro   0x000013fd      0xd23 ./Core/Src/app_jump.o
 .debug_macro   0x00002120     0xe09e ./Core/Src/app_jump.o
 .debug_macro   0x000101be       0x6d ./Core/Src/app_jump.o
 .debug_macro   0x0001022b     0x34a2 ./Core/Src/app_jump.o
 .debug_macro   0x000136cd      0x189 ./Core/Src/app_jump.o
 .debug_macro   0x00013856       0x5c ./Core/Src/app_jump.o
 .debug_macro   0x000138b2      0x5bc ./Core/Src/app_jump.o
 .debug_macro   0x00013e6e      0x289 ./Core/Src/app_jump.o
 .debug_macro   0x000140f7      0x1cb ./Core/Src/app_jump.o
 .debug_macro   0x000142c2      0x114 ./Core/Src/app_jump.o
 .debug_macro   0x000143d6      0x1b2 ./Core/Src/app_jump.o
 .debug_macro   0x00014588       0x27 ./Core/Src/app_jump.o
 .debug_macro   0x000145af      0x136 ./Core/Src/app_jump.o
 .debug_macro   0x000146e5      0x1bc ./Core/Src/app_jump.o
 .debug_macro   0x000148a1       0x34 ./Core/Src/app_jump.o
 .debug_macro   0x000148d5       0x3c ./Core/Src/app_jump.o
 .debug_macro   0x00014911       0x57 ./Core/Src/app_jump.o
 .debug_macro   0x00014968       0x22 ./Core/Src/app_jump.o
 .debug_macro   0x0001498a       0x87 ./Core/Src/app_jump.o
 .debug_macro   0x00014a11      0x240 ./Core/Src/app_jump.o
 .debug_macro   0x00014c51      0x140 ./Core/Src/app_jump.o
 .debug_macro   0x00014d91      0x28e ./Core/Src/app_jump.o
 .debug_macro   0x0001501f       0x83 ./Core/Src/app_jump.o
 .debug_macro   0x000150a2      0x1b5 ./Core/Src/crc_if.o
 .debug_macro   0x00015257       0x22 ./Core/Src/crc_if.o
 .debug_macro   0x00015279      0x275 ./Core/Src/flash_if.o
 .debug_macro   0x000154ee       0x10 ./Core/Src/flash_if.o
 .debug_macro   0x000154fe       0x61 ./Core/Src/flash_if.o
 .debug_macro   0x0001555f       0x24 ./Core/Src/flash_if.o
 .debug_macro   0x00015583       0x43 ./Core/Src/flash_if.o
 .debug_macro   0x000155c6       0x34 ./Core/Src/flash_if.o
 .debug_macro   0x000155fa       0x16 ./Core/Src/flash_if.o
 .debug_macro   0x00015610       0x43 ./Core/Src/flash_if.o
 .debug_macro   0x00015653       0x34 ./Core/Src/flash_if.o
 .debug_macro   0x00015687       0x10 ./Core/Src/flash_if.o
 .debug_macro   0x00015697       0x58 ./Core/Src/flash_if.o
 .debug_macro   0x000156ef       0x8e ./Core/Src/flash_if.o
 .debug_macro   0x0001577d       0x1c ./Core/Src/flash_if.o
 .debug_macro   0x00015799      0x177 ./Core/Src/flash_if.o
 .debug_macro   0x00015910      0x369 ./Core/Src/flash_if.o
 .debug_macro   0x00015c79       0x10 ./Core/Src/flash_if.o
 .debug_macro   0x00015c89       0x35 ./Core/Src/flash_if.o
 .debug_macro   0x00015cbe       0x20 ./Core/Src/flash_if.o
 .debug_macro   0x00015cde      0x1ac ./Core/Src/fota_error_handler.o
 .debug_macro   0x00015e8a      0x1ab ./Core/Src/gpio_if.o
 .debug_macro   0x00016035      0x2d6 ./Core/Src/main.o
 .debug_macro   0x0001630b       0x16 ./Core/Src/main.o
 .debug_macro   0x00016321      0x1a2 ./Core/Src/stm32f1xx_hal_msp.o
 .debug_macro   0x000164c3      0x1ac ./Core/Src/stm32f1xx_it.o
 .debug_macro   0x0001666f      0x198 ./Core/Src/system_stm32f1xx.o
 .debug_macro   0x00016807      0x280 ./Core/Src/uart_if.o
 .debug_macro   0x00016a87      0x1bc ./Drivers/STM32F1xx_HAL_Driver/Src/stm32f1xx_hal.o
 .debug_macro   0x00016c43      0x198 ./Drivers/STM32F1xx_HAL_Driver/Src/stm32f1xx_hal_cortex.o
 .debug_macro   0x00016ddb      0x198 ./Drivers/STM32F1xx_HAL_Driver/Src/stm32f1xx_hal_crc.o
 .debug_macro   0x00016f73      0x198 ./Drivers/STM32F1xx_HAL_Driver/Src/stm32f1xx_hal_flash.o
 .debug_macro   0x0001710b      0x1aa ./Drivers/STM32F1xx_HAL_Driver/Src/stm32f1xx_hal_flash_ex.o
 .debug_macro   0x000172b5      0x203 ./Drivers/STM32F1xx_HAL_Driver/Src/stm32f1xx_hal_gpio.o
 .debug_macro   0x000174b8      0x1aa ./Drivers/STM32F1xx_HAL_Driver/Src/stm32f1xx_hal_rcc.o
 .debug_macro   0x00017662      0x199 ./Drivers/STM32F1xx_HAL_Driver/Src/stm32f1xx_hal_uart.o

.debug_line     0x00000000     0xc0fa
 .debug_line    0x00000000      0x70c ./Core/Src/app_jump.o
 .debug_line    0x0000070c      0x70a ./Core/Src/crc_if.o
 .debug_line    0x00000e16      0x8e7 ./Core/Src/flash_if.o
 .debug_line    0x000016fd      0x703 ./Core/Src/fota_error_handler.o
 .debug_line    0x00001e00      0x6e8 ./Core/Src/gpio_if.o
 .debug_line    0x000024e8      0x9c6 ./Core/Src/main.o
 .debug_line    0x00002eae      0x76e ./Core/Src/stm32f1xx_hal_msp.o
 .debug_line    0x0000361c      0x7a5 ./Core/Src/stm32f1xx_it.o
 .debug_line    0x00003dc1      0x761 ./Core/Src/system_stm32f1xx.o
 .debug_line    0x00004522      0x864 ./Core/Src/uart_if.o
 .debug_line    0x00004d86       0x78 ./Core/Startup/startup_stm32f103c8tx.o
 .debug_line    0x00004dfe      0x98e ./Drivers/STM32F1xx_HAL_Driver/Src/stm32f1xx_hal.o
 .debug_line    0x0000578c      0xb7a ./Drivers/STM32F1xx_HAL_Driver/Src/stm32f1xx_hal_cortex.o
 .debug_line    0x00006306      0x829 ./Drivers/STM32F1xx_HAL_Driver/Src/stm32f1xx_hal_crc.o
 .debug_line    0x00006b2f      0xa59 ./Drivers/STM32F1xx_HAL_Driver/Src/stm32f1xx_hal_flash.o
 .debug_line    0x00007588      0xb47 ./Drivers/STM32F1xx_HAL_Driver/Src/stm32f1xx_hal_flash_ex.o
 .debug_line    0x000080cf      0xa27 ./Drivers/STM32F1xx_HAL_Driver/Src/stm32f1xx_hal_gpio.o
 .debug_line    0x00008af6      0xd97 ./Drivers/STM32F1xx_HAL_Driver/Src/stm32f1xx_hal_rcc.o
 .debug_line    0x0000988d     0x286d ./Drivers/STM32F1xx_HAL_Driver/Src/stm32f1xx_hal_uart.o

.debug_str      0x00000000    0x81fd8
 .debug_str     0x00000000    0x7c821 ./Core/Src/app_jump.o
                              0x7cb50 (size before relaxing)
 .debug_str     0x0007c821      0x50f ./Core/Src/crc_if.o
                              0x7d039 (size before relaxing)
 .debug_str     0x0007cd30     0x328c ./Core/Src/flash_if.o
                              0x7fd8b (size before relaxing)
 .debug_str     0x0007ffbc       0x79 ./Core/Src/fota_error_handler.o
                              0x7cb14 (size before relaxing)
 .debug_str     0x00080035       0x72 ./Core/Src/gpio_if.o
                              0x7cb66 (size before relaxing)
 .debug_str     0x000800a7      0x2fd ./Core/Src/main.o
                              0x80543 (size before relaxing)
 .debug_str     0x000803a4       0xac ./Core/Src/stm32f1xx_hal_msp.o
                              0x7d075 (size before relaxing)
 .debug_str     0x00080450       0xc9 ./Core/Src/stm32f1xx_it.o
                              0x7cb3c (size before relaxing)
 .debug_str     0x00080519       0x7e ./Core/Src/system_stm32f1xx.o
                              0x7cb52 (size before relaxing)
 .debug_str     0x00080597       0x35 ./Core/Src/uart_if.o
                              0x80099 (size before relaxing)
 .debug_str     0x000805cc       0x44 ./Core/Startup/startup_stm32f103c8tx.o
                                 0x8c (size before relaxing)
 .debug_str     0x00080610      0x5fc ./Drivers/STM32F1xx_HAL_Driver/Src/stm32f1xx_hal.o
                              0x7d285 (size before relaxing)
 .debug_str     0x00080c0c      0x2bb ./Drivers/STM32F1xx_HAL_Driver/Src/stm32f1xx_hal_cortex.o
                              0x7d1d1 (size before relaxing)
 .debug_str     0x00080ec7       0x8b ./Drivers/STM32F1xx_HAL_Driver/Src/stm32f1xx_hal_crc.o
                              0x7cc94 (size before relaxing)
 .debug_str     0x00080f52      0x253 ./Drivers/STM32F1xx_HAL_Driver/Src/stm32f1xx_hal_flash.o
                              0x7ce2d (size before relaxing)
 .debug_str     0x000811a5      0x30c ./Drivers/STM32F1xx_HAL_Driver/Src/stm32f1xx_hal_flash_ex.o
                              0x7cfdb (size before relaxing)
 .debug_str     0x000814b1      0x2bd ./Drivers/STM32F1xx_HAL_Driver/Src/stm32f1xx_hal_gpio.o
                              0x7ced8 (size before relaxing)
 .debug_str     0x0008176e      0x229 ./Drivers/STM32F1xx_HAL_Driver/Src/stm32f1xx_hal_rcc.o
                              0x7cf81 (size before relaxing)
 .debug_str     0x00081997      0x641 ./Drivers/STM32F1xx_HAL_Driver/Src/stm32f1xx_hal_uart.o
                              0x7d5f2 (size before relaxing)

.comment        0x00000000       0x43
 .comment       0x00000000       0x43 ./Core/Src/app_jump.o
                                 0x44 (size before relaxing)
 .comment       0x00000043       0x44 ./Core/Src/crc_if.o
 .comment       0x00000043       0x44 ./Core/Src/flash_if.o
 .comment       0x00000043       0x44 ./Core/Src/fota_error_handler.o
 .comment       0x00000043       0x44 ./Core/Src/gpio_if.o
 .comment       0x00000043       0x44 ./Core/Src/main.o
 .comment       0x00000043       0x44 ./Core/Src/stm32f1xx_hal_msp.o
 .comment       0x00000043       0x44 ./Core/Src/stm32f1xx_it.o
 .comment       0x00000043       0x44 ./Core/Src/system_stm32f1xx.o
 .comment       0x00000043       0x44 ./Core/Src/uart_if.o
 .comment       0x00000043       0x44 ./Drivers/STM32F1xx_HAL_Driver/Src/stm32f1xx_hal.o
 .comment       0x00000043       0x44 ./Drivers/STM32F1xx_HAL_Driver/Src/stm32f1xx_hal_cortex.o
 .comment       0x00000043       0x44 ./Drivers/STM32F1xx_HAL_Driver/Src/stm32f1xx_hal_crc.o
 .comment       0x00000043       0x44 ./Drivers/STM32F1xx_HAL_Driver/Src/stm32f1xx_hal_flash.o
 .comment       0x00000043       0x44 ./Drivers/STM32F1xx_HAL_Driver/Src/stm32f1xx_hal_flash_ex.o
 .comment       0x00000043       0x44 ./Drivers/STM32F1xx_HAL_Driver/Src/stm32f1xx_hal_gpio.o
 .comment       0x00000043       0x44 ./Drivers/STM32F1xx_HAL_Driver/Src/stm32f1xx_hal_rcc.o
 .comment       0x00000043       0x44 ./Drivers/STM32F1xx_HAL_Driver/Src/stm32f1xx_hal_uart.o

.debug_frame    0x00000000     0x1ebc
 .debug_frame   0x00000000       0x34 ./Core/Src/app_jump.o
 .debug_frame   0x00000034       0x58 ./Core/Src/crc_if.o
 .debug_frame   0x0000008c       0x84 ./Core/Src/flash_if.o
 .debug_frame   0x00000110       0x2c ./Core/Src/fota_error_handler.o
 .debug_frame   0x0000013c       0x34 ./Core/Src/gpio_if.o
 .debug_frame   0x00000170       0xcc ./Core/Src/main.o
 .debug_frame   0x0000023c       0xd0 ./Core/Src/stm32f1xx_hal_msp.o
 .debug_frame   0x0000030c      0x104 ./Core/Src/stm32f1xx_it.o
 .debug_frame   0x00000410       0x58 ./Core/Src/system_stm32f1xx.o
 .debug_frame   0x00000468       0x58 ./Core/Src/uart_if.o
 .debug_frame   0x000004c0      0x334 ./Drivers/STM32F1xx_HAL_Driver/Src/stm32f1xx_hal.o
 .debug_frame   0x000007f4      0x428 ./Drivers/STM32F1xx_HAL_Driver/Src/stm32f1xx_hal_cortex.o
 .debug_frame   0x00000c1c      0x120 ./Drivers/STM32F1xx_HAL_Driver/Src/stm32f1xx_hal_crc.o
 .debug_frame   0x00000d3c      0x20c ./Drivers/STM32F1xx_HAL_Driver/Src/stm32f1xx_hal_flash.o
 .debug_frame   0x00000f48      0x258 ./Drivers/STM32F1xx_HAL_Driver/Src/stm32f1xx_hal_flash_ex.o
 .debug_frame   0x000011a0      0x14c ./Drivers/STM32F1xx_HAL_Driver/Src/stm32f1xx_hal_gpio.o
 .debug_frame   0x000012ec      0x218 ./Drivers/STM32F1xx_HAL_Driver/Src/stm32f1xx_hal_rcc.o
 .debug_frame   0x00001504      0x944 ./Drivers/STM32F1xx_HAL_Driver/Src/stm32f1xx_hal_uart.o
 .debug_frame   0x00001e48       0x20 C:/ST/STM32CubeIDE_1.17.0/STM32CubeIDE/plugins/com.st.stm32cube.ide.mcu.externaltools.gnu-tools-for-stm32.12.3.rel1.win32_1.1.0.202410251130/tools/bin/../lib/gcc/arm-none-eabi/12.3.1/../../../../arm-none-eabi/lib/thumb/v7-m/nofp\libc_nano.a(libc_a-memset.o)
 .debug_frame   0x00001e68       0x2c C:/ST/STM32CubeIDE_1.17.0/STM32CubeIDE/plugins/com.st.stm32cube.ide.mcu.externaltools.gnu-tools-for-stm32.12.3.rel1.win32_1.1.0.202410251130/tools/bin/../lib/gcc/arm-none-eabi/12.3.1/../../../../arm-none-eabi/lib/thumb/v7-m/nofp\libc_nano.a(libc_a-init.o)
 .debug_frame   0x00001e94       0x28 C:/ST/STM32CubeIDE_1.17.0/STM32CubeIDE/plugins/com.st.stm32cube.ide.mcu.externaltools.gnu-tools-for-stm32.12.3.rel1.win32_1.1.0.202410251130/tools/bin/../lib/gcc/arm-none-eabi/12.3.1/../../../../arm-none-eabi/lib/thumb/v7-m/nofp\libc_nano.a(libc_a-memcpy-stub.o)

.debug_line_str
                0x00000000       0x70
 .debug_line_str
                0x00000000       0x70 ./Core/Startup/startup_stm32f103c8tx.o
